[2025-07-04 11:53:02] --- Manual trigger script started ---
[2025-07-04 11:53:02] Action: consume, OTA Order ID: ctriptest-10563841-443773-141198, Quantity: 1
[2025-07-04 11:53:02] Initializing Database...
[2025-07-04 11:53:02] Initializing OrderModel...
[2025-07-04 11:53:02] Initializing TripNotifier...
[2025-07-04 11:53:02] All classes initialized successfully.
[2025-07-04 11:53:02] Fetching order data for ctriptest-10563841-443773-141198...
[2025-07-04 11:53:02] Order data fetched successfully: {"id":"920","ota_order_id":"ctriptest-10563841-443773-141198","supplier_order_id":"SUP_686757d205b77","sequence_id":"2025070412255397a878059cb24a2781e279f73d8d78e3","item_id":"1516754851","plu":"AAR","quantity":"2","used_quantity":"0","original_quantity":"2","total_amount":"240.00","currency":null,"use_start_date":"2025-07-16","status":"confirmed","created_at":"2025-07-04 11:25:54","updated_at":"2025-07-04 11:25:54"}
[2025-07-04 11:53:02] Executing 'consume' action.
[2025-07-04 11:53:02] Updating usage in DB. New status: partially-completed, New used quantity: 1
[2025-07-04 11:53:02] FATAL ERROR CAUGHT: Call to undefined method Order::updateUsage() in /home/manhphuo/coralmountainltd.com/trip_supplier_system/public/manual_trigger.php on line 82
[2025-07-04 11:53:29] --- Manual trigger script started ---
[2025-07-04 11:53:29] Action: consume, OTA Order ID: ctriptest-10563841-443773-141198, Quantity: 1
[2025-07-04 11:53:29] Initializing Database...
[2025-07-04 11:53:29] Initializing OrderModel...
[2025-07-04 11:53:29] Initializing TripNotifier...
[2025-07-04 11:53:29] All classes initialized successfully.
[2025-07-04 11:53:29] Fetching order data for ctriptest-10563841-443773-141198...
[2025-07-04 11:53:29] Order data fetched successfully: {"id":"920","ota_order_id":"ctriptest-10563841-443773-141198","supplier_order_id":"SUP_686757d205b77","sequence_id":"2025070412255397a878059cb24a2781e279f73d8d78e3","item_id":"1516754851","plu":"AAR","quantity":"2","used_quantity":"0","original_quantity":"2","total_amount":"240.00","currency":null,"use_start_date":"2025-07-16","status":"confirmed","created_at":"2025-07-04 11:25:54","updated_at":"2025-07-04 11:25:54"}
[2025-07-04 11:53:29] Executing 'consume' action.
[2025-07-04 11:53:29] Updating usage in DB. New status: partially-completed, New used quantity: 1
[2025-07-04 11:53:29] Sending ConsumedNotice to Trip.com...
[2025-07-04 11:53:30] 'consume' action finished successfully.
[2025-07-04 12:13:02] --- Manual trigger script started ---
[2025-07-04 12:13:02] Action: consume, OTA Order ID: ctriptest-10564541-443794-141198, Quantity: 1
[2025-07-04 12:13:02] Initializing Database...
[2025-07-04 12:13:02] Initializing OrderModel...
[2025-07-04 12:13:02] Initializing TripNotifier...
[2025-07-04 12:13:02] All classes initialized successfully.
[2025-07-04 12:13:02] Fetching order data for ctriptest-10564541-443794-141198...
[2025-07-04 12:13:02] Order data fetched successfully: {"id":"944","ota_order_id":"ctriptest-10564541-443794-141198","supplier_order_id":"SUP_68675ef3c3ee8","sequence_id":"2025070412561834684968504040dd867a14208f923ded","item_id":"1330933731","plu":"AAR","quantity":"2","used_quantity":"0","original_quantity":"2","total_amount":"240.00","currency":null,"use_start_date":"2025-07-10","status":"confirmed","created_at":"2025-07-04 11:56:19","updated_at":"2025-07-04 11:56:21"}
[2025-07-04 12:13:02] Executing 'consume' action.
[2025-07-04 12:13:02] Updating usage in DB. New status: partially-completed, New used quantity: 1
[2025-07-04 12:13:02] Sending ConsumedNotice to Trip.com...
[2025-07-04 12:13:02] 'consume' action finished successfully.
[2025-07-04 12:13:16] --- Manual trigger script started ---
[2025-07-04 12:13:16] Action: consume, OTA Order ID: ctriptest-10564541-443794-141198, Quantity: N/A
[2025-07-04 12:13:16] Initializing Database...
[2025-07-04 12:13:16] Initializing OrderModel...
[2025-07-04 12:13:16] Initializing TripNotifier...
[2025-07-04 12:13:16] All classes initialized successfully.
[2025-07-04 12:13:16] Fetching order data for ctriptest-10564541-443794-141198...
[2025-07-04 12:13:16] Order data fetched successfully: {"id":"944","ota_order_id":"ctriptest-10564541-443794-141198","supplier_order_id":"SUP_68675ef3c3ee8","sequence_id":"2025070412561834684968504040dd867a14208f923ded","item_id":"1330933731","plu":"AAR","quantity":"2","used_quantity":"1","original_quantity":"2","total_amount":"240.00","currency":null,"use_start_date":"2025-07-10","status":"","created_at":"2025-07-04 11:56:19","updated_at":"2025-07-04 12:13:02"}
[2025-07-04 12:13:16] Executing 'consume' action.
[2025-07-04 12:13:16] Updating usage in DB. New status: completed, New used quantity: 2
[2025-07-04 12:13:16] Sending ConsumedNotice to Trip.com...
[2025-07-04 12:13:16] 'consume' action finished successfully.
[2025-07-04 12:13:32] --- Manual trigger script started ---
[2025-07-04 12:13:32] Action: consume, OTA Order ID: ctriptest-10564541-443794-141198, Quantity: N/A
[2025-07-04 12:13:32] Initializing Database...
[2025-07-04 12:13:32] Initializing OrderModel...
[2025-07-04 12:13:32] Initializing TripNotifier...
[2025-07-04 12:13:32] All classes initialized successfully.
[2025-07-04 12:13:32] Fetching order data for ctriptest-10564541-443794-141198...
[2025-07-04 12:13:32] Order data fetched successfully: {"id":"944","ota_order_id":"ctriptest-10564541-443794-141198","supplier_order_id":"SUP_68675ef3c3ee8","sequence_id":"2025070412561834684968504040dd867a14208f923ded","item_id":"1330933731","plu":"AAR","quantity":"2","used_quantity":"2","original_quantity":"2","total_amount":"240.00","currency":null,"use_start_date":"2025-07-10","status":"completed","created_at":"2025-07-04 11:56:19","updated_at":"2025-07-04 12:13:16"}
[2025-07-04 12:13:32] Executing 'consume' action.
[2025-07-04 12:13:32] FATAL: Invalid consume quantity (0). Remaining: 0.
[2025-07-04 12:13:51] --- Manual trigger script started ---
[2025-07-04 12:13:51] Action: consume, OTA Order ID: ctriptest-10564457-443794-141198\, Quantity: N/A
[2025-07-04 12:13:51] Initializing Database...
[2025-07-04 12:13:51] Initializing OrderModel...
[2025-07-04 12:13:51] Initializing TripNotifier...
[2025-07-04 12:13:51] All classes initialized successfully.
[2025-07-04 12:13:51] Fetching order data for ctriptest-10564457-443794-141198\...
[2025-07-04 12:13:51] FATAL: Order not found in database for ctriptest-10564457-443794-141198\.
[2025-07-04 12:13:53] --- Manual trigger script started ---
[2025-07-04 12:13:53] Action: consume, OTA Order ID: ctriptest-10564457-443794-141198, Quantity: N/A
[2025-07-04 12:13:53] Initializing Database...
[2025-07-04 12:13:53] Initializing OrderModel...
[2025-07-04 12:13:53] Initializing TripNotifier...
[2025-07-04 12:13:53] All classes initialized successfully.
[2025-07-04 12:13:53] Fetching order data for ctriptest-10564457-443794-141198...
[2025-07-04 12:13:53] Order data fetched successfully: {"id":"948","ota_order_id":"ctriptest-10564457-443794-141198","supplier_order_id":"SUP_68675ef515bae","sequence_id":"202507041256186ccee49842c54703953afb0270d32142","item_id":"131108059","plu":"AAR","quantity":"2","used_quantity":"0","original_quantity":"2","total_amount":"240.00","currency":null,"use_start_date":"2025-07-10","status":"confirmed","created_at":"2025-07-04 11:56:21","updated_at":"2025-07-04 11:56:21"}
[2025-07-04 12:13:53] Executing 'consume' action.
[2025-07-04 12:13:53] Updating usage in DB. New status: completed, New used quantity: 2
[2025-07-04 12:13:53] Sending ConsumedNotice to Trip.com...
[2025-07-04 12:13:55] 'consume' action finished successfully.
